// Jest Snapshot v1, https://goo.gl/fbAQLP

exports[`render falsy component 1`] = `"Falsy condition"`;

exports[`render true component 1`] = `"True condition"`;
